// Jest Snapshot v1, https://goo.gl/fbAQLP

exports[`Room Map markers component 1`] = `
<AIRMapMarker
  coordinate={
    Object {
      "latitude": undefined,
      "longitude": undefined,
    }
  }
  onPress={[Function]}
  stopPropagation={false}
  style={
    Array [
      Object {
        "backgroundColor": "transparent",
        "position": "absolute",
      },
      undefined,
    ]
  }
>
  <Text />
</AIRMapMarker>
`;
